{
  "status": "SUCCESS",
  "capability_id": "lookup_savings_balance",
  "data": {
    "savings_balance": "$14,850.25"
  },
  "business_code": null,
  "error_message": null,
  "failed_step_id": null,
  "execution_trace": [
    {
      "step_id": "nav_to_member_search",
      "action": "click",
      "status": "SUCCESS",
      "duration_ms": 64.21,
      "resolved_by": "aria_role_and_name",
      "details": null
    },
    {
      "step_id": "fill_member_id",
      "action": "fill",
      "status": "SUCCESS",
      "duration_ms": 42.18,
      "resolved_by": "aria_role_and_name",
      "details": null
    },
    {
      "step_id": "click_execute_query",
      "action": "click",
      "status": "SUCCESS",
      "duration_ms": 58.74,
      "resolved_by": "aria_role_and_name",
      "details": null
    },
    {
      "step_id": "extract_savings_balance",
      "action": "extract",
      "status": "SUCCESS",
      "duration_ms": 14.52,
      "resolved_by": "css_selector",
      "details": null
    }
  ],
  "interventions": []
}